Welcome to Student Performance Management System (SPMS).

1 - Add
2 - Remove
3 - Query
4 - Show ranking
5 - Show Statistics
0 - Exit

Please enter the SID, CID, name and four scores. Enter 0 to finish.
Please enter the SID, CID, name and four scores. Enter 0 to finish.
Please enter the SID, CID, name and four scores. Enter 0 to finish.
Please enter the SID, CID, name and four scores. Enter 0 to finish.
Please enter the SID, CID, name and four scores. Enter 0 to finish.
Please enter the SID, CID, name and four scores. Enter 0 to finish.
Please enter the SID, CID, name and four scores. Enter 0 to finish.
Please enter the SID, CID, name and four scores. Enter 0 to finish.
Please enter the SID, CID, name and four scores. Enter 0 to finish.
Welcome to Student Performance Management System (SPMS).

1 - Add
2 - Remove
3 - Query
4 - Show ranking
5 - Show Statistics
0 - Exit

Please enter class ID, 0 for the whole statistics.
Chinese
Average Score: 13.00
Number of passed students: 0
Number of failed students: 1

Mathematics
Average Score: 96.00
Number of passed students: 1
Number of failed students: 0

English
Average Score: 21.00
Number of passed students: 0
Number of failed students: 1

Programming
Average Score: 75.00
Number of passed students: 1
Number of failed students: 0

Overall:
Number of students who passed all subjects: 0
Number of students who passed 3 or more subjects: 0
Number of students who passed 2 or more subjects: 1
Number of students who passed 1 or more subjects: 1
Number of students who failed all subjects: 0

Welcome to Student Performance Management System (SPMS).

1 - Add
2 - Remove
3 - Query
4 - Show ranking
5 - Show Statistics
0 - Exit

Please enter SID or name. Enter 0 to finish.
1 student(s) removed.
Please enter SID or name. Enter 0 to finish.
0 student(s) removed.
Please enter SID or name. Enter 0 to finish.
Welcome to Student Performance Management System (SPMS).

1 - Add
2 - Remove
3 - Query
4 - Show ranking
5 - Show Statistics
0 - Exit

Please enter SID or name. Enter 0 to finish.
0 student(s) removed.
Please enter SID or name. Enter 0 to finish.
0 student(s) removed.
Please enter SID or name. Enter 0 to finish.
Welcome to Student Performance Management System (SPMS).

1 - Add
2 - Remove
3 - Query
4 - Show ranking
5 - Show Statistics
0 - Exit

Please enter the SID, CID, name and four scores. Enter 0 to finish.
Please enter the SID, CID, name and four scores. Enter 0 to finish.
Please enter the SID, CID, name and four scores. Enter 0 to finish.
Please enter the SID, CID, name and four scores. Enter 0 to finish.
Please enter the SID, CID, name and four scores. Enter 0 to finish.
Please enter the SID, CID, name and four scores. Enter 0 to finish.
Please enter the SID, CID, name and four scores. Enter 0 to finish.
Please enter the SID, CID, name and four scores. Enter 0 to finish.
Please enter the SID, CID, name and four scores. Enter 0 to finish.
Duplicated SID.
Please enter the SID, CID, name and four scores. Enter 0 to finish.
Welcome to Student Performance Management System (SPMS).

1 - Add
2 - Remove
3 - Query
4 - Show ranking
5 - Show Statistics
0 - Exit

Please enter the SID, CID, name and four scores. Enter 0 to finish.
Please enter the SID, CID, name and four scores. Enter 0 to finish.
Please enter the SID, CID, name and four scores. Enter 0 to finish.
Please enter the SID, CID, name and four scores. Enter 0 to finish.
Please enter the SID, CID, name and four scores. Enter 0 to finish.
Please enter the SID, CID, name and four scores. Enter 0 to finish.
Please enter the SID, CID, name and four scores. Enter 0 to finish.
Duplicated SID.
Please enter the SID, CID, name and four scores. Enter 0 to finish.
Welcome to Student Performance Management System (SPMS).

1 - Add
2 - Remove
3 - Query
4 - Show ranking
5 - Show Statistics
0 - Exit

Showing the ranklist hurts students' self-esteem. Don't do that.
Welcome to Student Performance Management System (SPMS).

1 - Add
2 - Remove
3 - Query
4 - Show ranking
5 - Show Statistics
0 - Exit

Showing the ranklist hurts students' self-esteem. Don't do that.
Welcome to Student Performance Management System (SPMS).

1 - Add
2 - Remove
3 - Query
4 - Show ranking
5 - Show Statistics
0 - Exit

Please enter class ID, 0 for the whole statistics.
Chinese
Average Score: 49.00
Number of passed students: 3
Number of failed students: 5

Mathematics
Average Score: 73.25
Number of passed students: 7
Number of failed students: 1

English
Average Score: 54.88
Number of passed students: 3
Number of failed students: 5

Programming
Average Score: 42.63
Number of passed students: 2
Number of failed students: 6

Overall:
Number of students who passed all subjects: 0
Number of students who passed 3 or more subjects: 1
Number of students who passed 2 or more subjects: 6
Number of students who passed 1 or more subjects: 8
Number of students who failed all subjects: 0

Welcome to Student Performance Management System (SPMS).

1 - Add
2 - Remove
3 - Query
4 - Show ranking
5 - Show Statistics
0 - Exit

Please enter SID or name. Enter 0 to finish.
0 student(s) removed.
Please enter SID or name. Enter 0 to finish.
1 student(s) removed.
Please enter SID or name. Enter 0 to finish.
Welcome to Student Performance Management System (SPMS).

1 - Add
2 - Remove
3 - Query
4 - Show ranking
5 - Show Statistics
0 - Exit

Please enter the SID, CID, name and four scores. Enter 0 to finish.
Please enter the SID, CID, name and four scores. Enter 0 to finish.
Please enter the SID, CID, name and four scores. Enter 0 to finish.
Please enter the SID, CID, name and four scores. Enter 0 to finish.
Please enter the SID, CID, name and four scores. Enter 0 to finish.
Please enter the SID, CID, name and four scores. Enter 0 to finish.
Please enter the SID, CID, name and four scores. Enter 0 to finish.
Welcome to Student Performance Management System (SPMS).

1 - Add
2 - Remove
3 - Query
4 - Show ranking
5 - Show Statistics
0 - Exit

Please enter SID or name. Enter 0 to finish.
22 0000000018 4 Person1 67 65 43 8 183 45.75
Please enter SID or name. Enter 0 to finish.
5 0000000046 1 Person1 60 74 65 71 270 67.50
22 0000000018 4 Person1 67 65 43 8 183 45.75
9 0000000067 4 Person1 60 65 88 24 237 59.25
24 0000000054 3 Person1 8 63 27 43 141 35.25
6 0000000095 3 Person1 59 96 78 25 258 64.50
Please enter SID or name. Enter 0 to finish.
5 0000000046 1 Person1 60 74 65 71 270 67.50
Please enter SID or name. Enter 0 to finish.
Welcome to Student Performance Management System (SPMS).

1 - Add
2 - Remove
3 - Query
4 - Show ranking
5 - Show Statistics
0 - Exit

Please enter the SID, CID, name and four scores. Enter 0 to finish.
Please enter the SID, CID, name and four scores. Enter 0 to finish.
Please enter the SID, CID, name and four scores. Enter 0 to finish.
Please enter the SID, CID, name and four scores. Enter 0 to finish.
Please enter the SID, CID, name and four scores. Enter 0 to finish.
Please enter the SID, CID, name and four scores. Enter 0 to finish.
Welcome to Student Performance Management System (SPMS).

1 - Add
2 - Remove
3 - Query
4 - Show ranking
5 - Show Statistics
0 - Exit

Please enter the SID, CID, name and four scores. Enter 0 to finish.
Duplicated SID.
Please enter the SID, CID, name and four scores. Enter 0 to finish.
Please enter the SID, CID, name and four scores. Enter 0 to finish.
Please enter the SID, CID, name and four scores. Enter 0 to finish.
Please enter the SID, CID, name and four scores. Enter 0 to finish.
Duplicated SID.
Please enter the SID, CID, name and four scores. Enter 0 to finish.
Duplicated SID.
Please enter the SID, CID, name and four scores. Enter 0 to finish.
Welcome to Student Performance Management System (SPMS).

1 - Add
2 - Remove
3 - Query
4 - Show ranking
5 - Show Statistics
0 - Exit

Please enter SID or name. Enter 0 to finish.
2 0000000051 3 Person7 89 49 98 65 301 75.25
31 0000000008 1 Person7 6 38 26 58 128 32.00
1 0000000033 3 Person7 50 95 83 79 307 76.75
4 0000000063 3 Person7 71 54 89 64 278 69.50
32 0000000011 3 Person7 65 15 30 15 125 31.25
Please enter SID or name. Enter 0 to finish.
Welcome to Student Performance Management System (SPMS).

1 - Add
2 - Remove
3 - Query
4 - Show ranking
5 - Show Statistics
0 - Exit

Please enter SID or name. Enter 0 to finish.
2 0000000051 3 Person7 89 49 98 65 301 75.25
31 0000000008 1 Person7 6 38 26 58 128 32.00
1 0000000033 3 Person7 50 95 83 79 307 76.75
4 0000000063 3 Person7 71 54 89 64 278 69.50
32 0000000011 3 Person7 65 15 30 15 125 31.25
Please enter SID or name. Enter 0 to finish.
32 0000000011 3 Person7 65 15 30 15 125 31.25
Please enter SID or name. Enter 0 to finish.
13 0000000076 1 Person10 31 67 88 47 233 58.25
Please enter SID or name. Enter 0 to finish.
16 0000000097 4 Person3 31 79 46 71 227 56.75
3 0000000010 1 Person3 92 37 72 85 286 71.50
10 0000000085 1 Person3 96 15 59 70 240 60.00
17 0000000030 3 Person3 74 22 29 100 225 56.25
Please enter SID or name. Enter 0 to finish.
16 0000000097 4 Person3 31 79 46 71 227 56.75
3 0000000010 1 Person3 92 37 72 85 286 71.50
10 0000000085 1 Person3 96 15 59 70 240 60.00
17 0000000030 3 Person3 74 22 29 100 225 56.25
Please enter SID or name. Enter 0 to finish.
Welcome to Student Performance Management System (SPMS).

1 - Add
2 - Remove
3 - Query
4 - Show ranking
5 - Show Statistics
0 - Exit

Showing the ranklist hurts students' self-esteem. Don't do that.
Welcome to Student Performance Management System (SPMS).

1 - Add
2 - Remove
3 - Query
4 - Show ranking
5 - Show Statistics
0 - Exit

Showing the ranklist hurts students' self-esteem. Don't do that.
Welcome to Student Performance Management System (SPMS).

1 - Add
2 - Remove
3 - Query
4 - Show ranking
5 - Show Statistics
0 - Exit

Please enter SID or name. Enter 0 to finish.
19 0000000094 4 Person8 41 39 68 69 217 54.25
13 0000000069 4 Person8 55 91 49 38 233 58.25
18 0000000092 1 Person8 45 64 54 56 219 54.75
Please enter SID or name. Enter 0 to finish.
6 0000000046 1 Person1 60 74 65 71 270 67.50
26 0000000018 4 Person1 67 65 43 8 183 45.75
11 0000000067 4 Person1 60 65 88 24 237 59.25
30 0000000054 3 Person1 8 63 27 43 141 35.25
7 0000000095 3 Person1 59 96 78 25 258 64.50
Please enter SID or name. Enter 0 to finish.
24 0000000028 1 Person4 28 24 57 95 204 51.00
Please enter SID or name. Enter 0 to finish.
Welcome to Student Performance Management System (SPMS).

1 - Add
2 - Remove
3 - Query
4 - Show ranking
5 - Show Statistics
0 - Exit

Please enter SID or name. Enter 0 to finish.
3 student(s) removed.
Please enter SID or name. Enter 0 to finish.
4 student(s) removed.
Please enter SID or name. Enter 0 to finish.
4 student(s) removed.
Please enter SID or name. Enter 0 to finish.
1 student(s) removed.
Please enter SID or name. Enter 0 to finish.
4 student(s) removed.
Please enter SID or name. Enter 0 to finish.
Welcome to Student Performance Management System (SPMS).

1 - Add
2 - Remove
3 - Query
4 - Show ranking
5 - Show Statistics
0 - Exit

Showing the ranklist hurts students' self-esteem. Don't do that.
Welcome to Student Performance Management System (SPMS).

1 - Add
2 - Remove
3 - Query
4 - Show ranking
5 - Show Statistics
0 - Exit

Please enter SID or name. Enter 0 to finish.
5 0000000046 1 Person1 60 74 65 71 270 67.50
11 0000000018 4 Person1 67 65 43 8 183 45.75
8 0000000067 4 Person1 60 65 88 24 237 59.25
15 0000000054 3 Person1 8 63 27 43 141 35.25
Please enter SID or name. Enter 0 to finish.
2 0000000051 3 Person7 89 49 98 65 301 75.25
16 0000000008 1 Person7 6 38 26 58 128 32.00
1 0000000033 3 Person7 50 95 83 79 307 76.75
3 0000000063 3 Person7 71 54 89 64 278 69.50
17 0000000011 3 Person7 65 15 30 15 125 31.25
Please enter SID or name. Enter 0 to finish.
Please enter SID or name. Enter 0 to finish.
Please enter SID or name. Enter 0 to finish.
Welcome to Student Performance Management System (SPMS).

1 - Add
2 - Remove
3 - Query
4 - Show ranking
5 - Show Statistics
0 - Exit

Please enter the SID, CID, name and four scores. Enter 0 to finish.
Please enter the SID, CID, name and four scores. Enter 0 to finish.
Please enter the SID, CID, name and four scores. Enter 0 to finish.
Please enter the SID, CID, name and four scores. Enter 0 to finish.
Duplicated SID.
Please enter the SID, CID, name and four scores. Enter 0 to finish.
Please enter the SID, CID, name and four scores. Enter 0 to finish.
Please enter the SID, CID, name and four scores. Enter 0 to finish.
Please enter the SID, CID, name and four scores. Enter 0 to finish.
Welcome to Student Performance Management System (SPMS).

1 - Add
2 - Remove
3 - Query
4 - Show ranking
5 - Show Statistics
0 - Exit

Please enter class ID, 0 for the whole statistics.
Chinese
Average Score: 56.60
Number of passed students: 3
Number of failed students: 2

Mathematics
Average Score: 55.20
Number of passed students: 2
Number of failed students: 3

English
Average Score: 65.40
Number of passed students: 3
Number of failed students: 2

Programming
Average Score: 53.20
Number of passed students: 3
Number of failed students: 2

Overall:
Number of students who passed all subjects: 0
Number of students who passed 3 or more subjects: 3
Number of students who passed 2 or more subjects: 3
Number of students who passed 1 or more subjects: 5
Number of students who failed all subjects: 0

Welcome to Student Performance Management System (SPMS).

1 - Add
2 - Remove
3 - Query
4 - Show ranking
5 - Show Statistics
0 - Exit

Please enter SID or name. Enter 0 to finish.
15 0000000020 2 Person3 66 30 71 6 173 43.25
12 0000000003 4 Person3 34 86 22 43 185 46.25
18 0000000089 4 Person3 59 18 60 23 160 40.00
Please enter SID or name. Enter 0 to finish.
Please enter SID or name. Enter 0 to finish.
13 0000000018 4 Person1 67 65 43 8 183 45.75
Please enter SID or name. Enter 0 to finish.
Welcome to Student Performance Management System (SPMS).

1 - Add
2 - Remove
3 - Query
4 - Show ranking
5 - Show Statistics
0 - Exit

Please enter class ID, 0 for the whole statistics.
Chinese
Average Score: 43.33
Number of passed students: 3
Number of failed students: 6

Mathematics
Average Score: 50.67
Number of passed students: 6
Number of failed students: 3

English
Average Score: 52.33
Number of passed students: 4
Number of failed students: 5

Programming
Average Score: 36.78
Number of passed students: 2
Number of failed students: 7

Overall:
Number of students who passed all subjects: 0
Number of students who passed 3 or more subjects: 2
Number of students who passed 2 or more subjects: 4
Number of students who passed 1 or more subjects: 9
Number of students who failed all subjects: 0

Welcome to Student Performance Management System (SPMS).

1 - Add
2 - Remove
3 - Query
4 - Show ranking
5 - Show Statistics
0 - Exit

Please enter class ID, 0 for the whole statistics.
Chinese
Average Score: 44.83
Number of passed students: 10
Number of failed students: 14

Mathematics
Average Score: 50.29
Number of passed students: 12
Number of failed students: 12

English
Average Score: 56.75
Number of passed students: 12
Number of failed students: 12

Programming
Average Score: 48.79
Number of passed students: 9
Number of failed students: 15

Overall:
Number of students who passed all subjects: 1
Number of students who passed 3 or more subjects: 7
Number of students who passed 2 or more subjects: 13
Number of students who passed 1 or more subjects: 22
Number of students who failed all subjects: 2

Welcome to Student Performance Management System (SPMS).

1 - Add
2 - Remove
3 - Query
4 - Show ranking
5 - Show Statistics
0 - Exit

Showing the ranklist hurts students' self-esteem. Don't do that.
Welcome to Student Performance Management System (SPMS).

1 - Add
2 - Remove
3 - Query
4 - Show ranking
5 - Show Statistics
0 - Exit

Please enter SID or name. Enter 0 to finish.
4 student(s) removed.
Please enter SID or name. Enter 0 to finish.
0 student(s) removed.
Please enter SID or name. Enter 0 to finish.
0 student(s) removed.
Please enter SID or name. Enter 0 to finish.
2 student(s) removed.
Please enter SID or name. Enter 0 to finish.
5 student(s) removed.
Please enter SID or name. Enter 0 to finish.
Welcome to Student Performance Management System (SPMS).

1 - Add
2 - Remove
3 - Query
4 - Show ranking
5 - Show Statistics
0 - Exit

Showing the ranklist hurts students' self-esteem. Don't do that.
Welcome to Student Performance Management System (SPMS).

1 - Add
2 - Remove
3 - Query
4 - Show ranking
5 - Show Statistics
0 - Exit

Please enter SID or name. Enter 0 to finish.
0 student(s) removed.
Please enter SID or name. Enter 0 to finish.
0 student(s) removed.
Please enter SID or name. Enter 0 to finish.
Welcome to Student Performance Management System (SPMS).

1 - Add
2 - Remove
3 - Query
4 - Show ranking
5 - Show Statistics
0 - Exit

Please enter SID or name. Enter 0 to finish.
0 student(s) removed.
Please enter SID or name. Enter 0 to finish.
0 student(s) removed.
Please enter SID or name. Enter 0 to finish.
3 student(s) removed.
Please enter SID or name. Enter 0 to finish.
0 student(s) removed.
Please enter SID or name. Enter 0 to finish.
0 student(s) removed.
Please enter SID or name. Enter 0 to finish.
Welcome to Student Performance Management System (SPMS).

1 - Add
2 - Remove
3 - Query
4 - Show ranking
5 - Show Statistics
0 - Exit

Please enter the SID, CID, name and four scores. Enter 0 to finish.
Please enter the SID, CID, name and four scores. Enter 0 to finish.
Please enter the SID, CID, name and four scores. Enter 0 to finish.
Please enter the SID, CID, name and four scores. Enter 0 to finish.
Duplicated SID.
Please enter the SID, CID, name and four scores. Enter 0 to finish.
Please enter the SID, CID, name and four scores. Enter 0 to finish.
Duplicated SID.
Please enter the SID, CID, name and four scores. Enter 0 to finish.
Please enter the SID, CID, name and four scores. Enter 0 to finish.
Welcome to Student Performance Management System (SPMS).

1 - Add
2 - Remove
3 - Query
4 - Show ranking
5 - Show Statistics
0 - Exit

Showing the ranklist hurts students' self-esteem. Don't do that.
Welcome to Student Performance Management System (SPMS).

1 - Add
2 - Remove
3 - Query
4 - Show ranking
5 - Show Statistics
0 - Exit

Showing the ranklist hurts students' self-esteem. Don't do that.
Welcome to Student Performance Management System (SPMS).

1 - Add
2 - Remove
3 - Query
4 - Show ranking
5 - Show Statistics
0 - Exit

Please enter SID or name. Enter 0 to finish.
Please enter SID or name. Enter 0 to finish.
9 0000000076 4 Person1 40 99 19 17 175 43.75
Please enter SID or name. Enter 0 to finish.
5 0000000027 2 Person9 87 75 36 44 242 60.50
14 0000000083 4 Person9 16 6 60 29 111 27.75
8 0000000030 2 Person9 52 96 25 6 179 44.75
Please enter SID or name. Enter 0 to finish.
Please enter SID or name. Enter 0 to finish.
Welcome to Student Performance Management System (SPMS).

1 - Add
2 - Remove
3 - Query
4 - Show ranking
5 - Show Statistics
0 - Exit

Please enter SID or name. Enter 0 to finish.
0 student(s) removed.
Please enter SID or name. Enter 0 to finish.
1 student(s) removed.
Please enter SID or name. Enter 0 to finish.
Welcome to Student Performance Management System (SPMS).

1 - Add
2 - Remove
3 - Query
4 - Show ranking
5 - Show Statistics
0 - Exit

Please enter class ID, 0 for the whole statistics.
Chinese
Average Score: 41.25
Number of passed students: 2
Number of failed students: 2

Mathematics
Average Score: 38.00
Number of passed students: 1
Number of failed students: 3

English
Average Score: 20.75
Number of passed students: 0
Number of failed students: 4

Programming
Average Score: 69.00
Number of passed students: 2
Number of failed students: 2

Overall:
Number of students who passed all subjects: 0
Number of students who passed 3 or more subjects: 1
Number of students who passed 2 or more subjects: 2
Number of students who passed 1 or more subjects: 2
Number of students who failed all subjects: 2

Welcome to Student Performance Management System (SPMS).

1 - Add
2 - Remove
3 - Query
4 - Show ranking
5 - Show Statistics
0 - Exit

Please enter SID or name. Enter 0 to finish.
Please enter SID or name. Enter 0 to finish.
Please enter SID or name. Enter 0 to finish.
Please enter SID or name. Enter 0 to finish.
Welcome to Student Performance Management System (SPMS).

1 - Add
2 - Remove
3 - Query
4 - Show ranking
5 - Show Statistics
0 - Exit

Please enter SID or name. Enter 0 to finish.
7 0000000086 1 Person3 69 32 1 88 190 47.50
Please enter SID or name. Enter 0 to finish.
Please enter SID or name. Enter 0 to finish.
14 0000000025 1 Person6 1 13 37 35 86 21.50
10 0000000022 4 Person6 35 62 51 26 174 43.50
6 0000000097 4 Person6 1 59 78 98 236 59.00
Please enter SID or name. Enter 0 to finish.
5 0000000027 2 Person9 87 75 36 44 242 60.50
13 0000000083 4 Person9 16 6 60 29 111 27.75
8 0000000030 2 Person9 52 96 25 6 179 44.75
Please enter SID or name. Enter 0 to finish.
Welcome to Student Performance Management System (SPMS).

1 - Add
2 - Remove
3 - Query
4 - Show ranking
5 - Show Statistics
0 - Exit

Please enter SID or name. Enter 0 to finish.
9 0000000076 4 Person1 40 99 19 17 175 43.75
Please enter SID or name. Enter 0 to finish.
Please enter SID or name. Enter 0 to finish.
4 0000000012 1 Person5 89 69 19 95 272 68.00
Please enter SID or name. Enter 0 to finish.
Welcome to Student Performance Management System (SPMS).

1 - Add
2 - Remove
3 - Query
4 - Show ranking
5 - Show Statistics
0 - Exit

Please enter SID or name. Enter 0 to finish.
14 0000000025 1 Person6 1 13 37 35 86 21.50
10 0000000022 4 Person6 35 62 51 26 174 43.50
6 0000000097 4 Person6 1 59 78 98 236 59.00
Please enter SID or name. Enter 0 to finish.
Please enter SID or name. Enter 0 to finish.
Please enter SID or name. Enter 0 to finish.
7 0000000086 1 Person3 69 32 1 88 190 47.50
Please enter SID or name. Enter 0 to finish.
Welcome to Student Performance Management System (SPMS).

1 - Add
2 - Remove
3 - Query
4 - Show ranking
5 - Show Statistics
0 - Exit

Showing the ranklist hurts students' self-esteem. Don't do that.
Welcome to Student Performance Management System (SPMS).

1 - Add
2 - Remove
3 - Query
4 - Show ranking
5 - Show Statistics
0 - Exit

Showing the ranklist hurts students' self-esteem. Don't do that.
Welcome to Student Performance Management System (SPMS).

1 - Add
2 - Remove
3 - Query
4 - Show ranking
5 - Show Statistics
0 - Exit

Please enter the SID, CID, name and four scores. Enter 0 to finish.
Please enter the SID, CID, name and four scores. Enter 0 to finish.
Please enter the SID, CID, name and four scores. Enter 0 to finish.
Please enter the SID, CID, name and four scores. Enter 0 to finish.
Please enter the SID, CID, name and four scores. Enter 0 to finish.
Please enter the SID, CID, name and four scores. Enter 0 to finish.
Welcome to Student Performance Management System (SPMS).

1 - Add
2 - Remove
3 - Query
4 - Show ranking
5 - Show Statistics
0 - Exit

Please enter SID or name. Enter 0 to finish.
7 0000000012 1 Person5 89 69 19 95 272 68.00
Please enter SID or name. Enter 0 to finish.
Please enter SID or name. Enter 0 to finish.
Welcome to Student Performance Management System (SPMS).

1 - Add
2 - Remove
3 - Query
4 - Show ranking
5 - Show Statistics
0 - Exit

Please enter class ID, 0 for the whole statistics.
Chinese
Average Score: 52.47
Number of passed students: 8
Number of failed students: 11

Mathematics
Average Score: 59.84
Number of passed students: 10
Number of failed students: 9

English
Average Score: 47.42
Number of passed students: 7
Number of failed students: 12

Programming
Average Score: 56.00
Number of passed students: 9
Number of failed students: 10

Overall:
Number of students who passed all subjects: 0
Number of students who passed 3 or more subjects: 7
Number of students who passed 2 or more subjects: 10
Number of students who passed 1 or more subjects: 17
Number of students who failed all subjects: 2

Welcome to Student Performance Management System (SPMS).

1 - Add
2 - Remove
3 - Query
4 - Show ranking
5 - Show Statistics
0 - Exit

Showing the ranklist hurts students' self-esteem. Don't do that.
Welcome to Student Performance Management System (SPMS).

1 - Add
2 - Remove
3 - Query
4 - Show ranking
5 - Show Statistics
0 - Exit

Please enter SID or name. Enter 0 to finish.
14 0000000076 4 Person1 40 99 19 17 175 43.75
10 0000000017 3 Person1 58 37 7 98 200 50.00
Please enter SID or name. Enter 0 to finish.
Please enter SID or name. Enter 0 to finish.
12 0000000086 1 Person3 69 32 1 88 190 47.50
Please enter SID or name. Enter 0 to finish.
Welcome to Student Performance Management System (SPMS).

1 - Add
2 - Remove
3 - Query
4 - Show ranking
5 - Show Statistics
0 - Exit

Please enter SID or name. Enter 0 to finish.
1 student(s) removed.
Please enter SID or name. Enter 0 to finish.
Welcome to Student Performance Management System (SPMS).

1 - Add
2 - Remove
3 - Query
4 - Show ranking
5 - Show Statistics
0 - Exit

