Spreadsheet #1
Cell data in (3,14) moved to (4,13)
Cell data in (7,4) moved to (12,4)
Cell data in (9,9) moved to (15,9)
Cell data in (15,15) GONE
Cell data in (12,11) moved to (18,11)
Cell data in (13,13) GONE
Cell data in (17,2) moved to (28,2)
Cell data in (10,11) moved to (16,11)
Cell data in (12,7) moved to (18,7)
Cell data in (14,2) moved to (22,2)
Cell data in (14,16) moved to (22,14)
Cell data in (11,16) moved to (17,14)
Cell data in (5,11) moved to (9,11)
Cell data in (12,16) moved to (18,14)
Cell data in (4,20) moved to (8,18)
Cell data in (12,20) moved to (18,18)
Cell data in (2,10) moved to (3,10)
Cell data in (19,8) moved to (31,8)
Cell data in (1,8) moved to (2,8)
Cell data in (16,6) moved to (27,6)
Cell data in (6,10) moved to (10,10)
Cell data in (15,16) moved to (26,14)
Cell data in (2,14) moved to (3,13)
Cell data in (4,2) moved to (8,2)
Cell data in (8,10) moved to (13,10)
Cell data in (16,17) GONE
Cell data in (9,2) moved to (15,2)
Cell data in (13,14) GONE
Cell data in (4,10) moved to (8,10)
Cell data in (16,11) moved to (27,11)
Cell data in (9,10) moved to (15,10)
Cell data in (6,19) moved to (10,17)
Cell data in (6,16) moved to (10,14)
Cell data in (4,7) moved to (8,7)
Cell data in (10,12) moved to (16,12)
Cell data in (3,20) moved to (4,18)
Cell data in (15,9) moved to (26,9)
Cell data in (17,11) moved to (28,11)
Cell data in (14,20) moved to (22,18)
Cell data in (16,11) moved to (27,11)
Cell data in (19,4) moved to (31,4)
Cell data in (12,2) moved to (18,2)
Cell data in (16,15) GONE
Cell data in (13,13) GONE
Cell data in (13,10) GONE
Cell data in (7,9) moved to (12,9)
Cell data in (8,4) moved to (13,4)
Cell data in (2,12) moved to (3,12)
Cell data in (14,5) GONE
Cell data in (9,17) GONE
Cell data in (8,14) moved to (13,13)
Cell data in (9,6) moved to (15,6)
Cell data in (3,7) moved to (4,7)
Cell data in (13,12) GONE
Cell data in (15,7) moved to (26,7)
Cell data in (10,5) moved to (16,5)
Cell data in (15,12) moved to (26,12)
Cell data in (6,14) moved to (10,13)
Cell data in (1,2) moved to (2,2)
Cell data in (18,5) moved to (30,5)
Cell data in (9,6) moved to (15,6)
Cell data in (7,19) moved to (12,17)
Cell data in (2,6) moved to (3,6)
Cell data in (1,5) moved to (2,5)
Cell data in (17,9) moved to (28,9)
Cell data in (20,12) moved to (32,12)
Cell data in (15,17) GONE
Cell data in (8,1) GONE
Cell data in (4,6) moved to (8,6)
Cell data in (15,12) moved to (26,12)
Cell data in (15,2) moved to (26,2)
Cell data in (9,8) moved to (15,8)
Cell data in (15,20) moved to (26,18)
Cell data in (17,1) GONE
Cell data in (14,9) moved to (22,9)
Cell data in (4,5) moved to (8,5)
Cell data in (19,12) moved to (31,12)
Cell data in (16,4) moved to (27,4)
Cell data in (11,16) moved to (17,14)
Cell data in (9,12) moved to (15,12)
Cell data in (12,2) moved to (18,2)
Cell data in (14,10) moved to (22,10)
Cell data in (4,15) GONE
Cell data in (16,6) moved to (27,6)
Cell data in (5,6) moved to (9,6)
Cell data in (2,2) moved to (3,2)
Cell data in (7,18) moved to (12,16)
Cell data in (17,11) moved to (28,11)
Cell data in (1,14) moved to (2,13)
Cell data in (12,14) moved to (18,13)
Cell data in (14,7) moved to (22,7)
Cell data in (10,15) GONE
Cell data in (16,15) GONE
Cell data in (18,12) moved to (30,12)
Cell data in (6,14) moved to (10,13)
Cell data in (17,15) GONE
Cell data in (6,4) moved to (10,4)
Cell data in (2,4) moved to (3,4)
Cell data in (12,10) moved to (18,10)
Cell data in (20,9) moved to (32,9)
