151205.00
BUY GOOG
BUY IBM
BUY IBM
HOLD
SELL IBM
BUY MSFT
SELL MSFT
SELL GOOG
SELL IBM

100.00
HOLD

110.00
BUY B
SELL B

100.00
HOLD
HOLD

110.01
BUY D
SELL D

493.80
BUY UVWXY
HOLD
HOLD
SELL UVWXY

199990000.00
BUY ZZZZZ
SELL ZZZZZ

11607325.91
BUY VIP
BUY SPY
SELL VIP
SELL SPY
HOLD
HOLD
BUY VIP
BUY QQQQ
SELL VIP
BUY VIP
BUY QQQQ
BUY VIP
HOLD
HOLD
SELL QQQQ
BUY SPY
SELL SPY
SELL QQQQ
SELL VIP
SELL VIP
BUY VIP
BUY VIP
SELL VIP
SELL VIP
BUY SPY
SELL SPY
HOLD
HOLD
BUY VIP
SELL VIP
BUY VIP
BUY VIP
BUY SPY
SELL VIP
SELL VIP
HOLD
SELL SPY
BUY VIP
BUY VIP
HOLD
BUY SPY
SELL SPY
SELL VIP
SELL VIP
BUY VIP
SELL VIP
BUY VIP
SELL VIP
BUY VIP
SELL VIP

84860454.80
BUY AAPL
HOLD
HOLD
SELL AAPL
HOLD
BUY INTC
SELL INTC
BUY AAPL
HOLD
SELL AAPL
BUY AAPL
SELL AAPL
HOLD
BUY GOOG
SELL GOOG
BUY AAPL
HOLD
SELL AAPL
BUY INTC
BUY AAPL
SELL AAPL
BUY AAPL
SELL INTC
BUY INTC
BUY MSFT
HOLD
SELL AAPL
SELL INTC
SELL MSFT
BUY AAPL
BUY INTC
SELL AAPL
SELL INTC
BUY AAPL
BUY IBM
SELL AAPL
SELL IBM
BUY GOOG
BUY MSFT
HOLD
SELL GOOG
BUY INTC
BUY INTC
SELL INTC
SELL MSFT
SELL INTC
BUY IBM
BUY INTC
SELL INTC
BUY IBM
SELL IBM
BUY IBM
HOLD
SELL IBM
SELL IBM
BUY GOOG
BUY MSFT
HOLD
SELL MSFT
SELL GOOG
BUY GOOG
SELL GOOG
BUY GOOG
BUY AAPL
SELL AAPL
BUY AAPL
SELL AAPL
BUY AAPL
SELL AAPL
SELL GOOG
BUY AAPL
BUY GOOG
SELL AAPL
SELL GOOG
BUY GOOG
BUY INTC
HOLD
SELL GOOG
BUY INTC
SELL INTC
BUY IBM
SELL INTC
SELL IBM
BUY INTC
BUY GOOG
SELL INTC
SELL GOOG
BUY MSFT
BUY GOOG
SELL GOOG
BUY GOOG
HOLD
BUY AAPL
SELL GOOG
BUY INTC
BUY IBM
SELL AAPL
SELL IBM
SELL INTC
SELL MSFT

148655982.69
BUY MSFT
BUY BA
HOLD
SELL MSFT
BUY T
SELL BA
BUY T
BUY IBM
SELL IBM
BUY BA
SELL BA
BUY IBM
BUY IBM
HOLD
HOLD
SELL IBM
SELL IBM
BUY INTC
BUY INTC
BUY BA
HOLD
SELL BA
BUY BA
BUY MSFT
SELL BA
BUY MSFT
BUY MSFT
SELL MSFT
SELL MSFT
SELL MSFT
BUY IBM
SELL IBM
SELL T
BUY MSFT
SELL MSFT
BUY MSFT
SELL MSFT
BUY T
BUY BA
SELL BA
SELL T
SELL INTC
BUY BA
SELL BA
BUY IBM
BUY IBM
SELL IBM
BUY MSFT
SELL T
SELL INTC
SELL MSFT
BUY MSFT
BUY MSFT
SELL IBM
BUY MSFT
BUY MSFT
BUY GE
BUY INTC
HOLD
HOLD
SELL MSFT
SELL MSFT
SELL MSFT
SELL MSFT
BUY IBM
BUY BA
SELL BA
BUY INTC
BUY BA
SELL GE
SELL IBM
BUY BA
HOLD
SELL BA
SELL BA
BUY BA
BUY BA
SELL INTC
SELL INTC
SELL BA
BUY IBM
BUY MSFT
SELL BA
BUY INTC
BUY BA
SELL BA
SELL IBM
BUY INTC
BUY IBM
BUY BA
HOLD
SELL INTC
SELL BA
BUY IBM
SELL INTC
SELL MSFT
BUY GE
SELL IBM
SELL IBM
SELL GE

83257089.69
BUY MSFT
BUY ORCL
BUY AMD
HOLD
SELL AMD
BUY MSFT
BUY MSFT
BUY T
SELL MSFT
BUY AMD
SELL AMD
BUY QQQQ
SELL T
SELL QQQQ
BUY AMD
BUY AMD
SELL MSFT
SELL MSFT
BUY QQQQ
BUY MSFT
SELL AMD
SELL AMD
BUY QQQQ
SELL ORCL
SELL QQQQ
BUY AMD
BUY AMD
SELL MSFT
SELL AMD
SELL QQQQ
BUY AMD
SELL AMD
BUY QQQQ
SELL AMD
BUY T
BUY AMD
BUY AMD
SELL QQQQ
BUY AMD
BUY T
SELL AMD
SELL AMD
SELL T
SELL T
BUY AMD
BUY AMD
BUY QQQQ
BUY MSFT
SELL AMD
SELL AMD
SELL QQQQ
SELL AMD
SELL MSFT
HOLD
BUY T
BUY AMD
BUY AMD
BUY MSFT
BUY T
SELL AMD
SELL AMD
BUY MSFT
BUY T
SELL MSFT
SELL MSFT
BUY QQQQ
BUY QQQQ
SELL QQQQ
SELL QQQQ
SELL T
SELL T
BUY MSFT
SELL MSFT
BUY MSFT
BUY QQQQ
BUY MSFT
BUY QQQQ
SELL QQQQ
BUY MSFT
SELL T
BUY AMD
SELL MSFT
SELL AMD
BUY MSFT
SELL QQQQ
BUY QQQQ
BUY QQQQ
SELL QQQQ
SELL QQQQ
SELL MSFT
SELL MSFT
SELL MSFT
HOLD
BUY AMD
SELL AMD
HOLD
BUY MSFT
BUY MSFT
SELL MSFT
SELL MSFT

63426563.80
BUY AMD
BUY AMD
SELL AMD
BUY AMD
BUY MSFT
SELL AMD
SELL AMD
BUY ORCL
BUY INTC
SELL MSFT
SELL INTC
BUY AMD
BUY AMD
SELL ORCL
BUY MSFT
SELL AMD
SELL MSFT
BUY AMD
SELL AMD
BUY INTC
BUY INTC
SELL AMD
BUY AMD
SELL INTC
SELL INTC
HOLD
BUY AMD
SELL AMD
BUY AMD
BUY AMD
SELL AMD
BUY GOOG
HOLD
SELL AMD
SELL AMD
BUY AMD
SELL GOOG
BUY ORCL
SELL AMD
BUY INTC
BUY INTC
BUY INTC
SELL ORCL
BUY ORCL
SELL INTC
SELL INTC
BUY GOOG
BUY AMD
HOLD
SELL AMD
SELL GOOG
BUY AMD
BUY AMD
HOLD
SELL INTC
SELL AMD
SELL AMD
BUY T
BUY GOOG
SELL ORCL
BUY AMD
BUY AMD
BUY AMD
SELL GOOG
SELL AMD
BUY AMD
SELL AMD
SELL AMD
BUY GOOG
BUY AMD
BUY INTC
SELL AMD
SELL AMD
SELL T
BUY INTC
BUY INTC
HOLD
HOLD
SELL INTC
BUY T
SELL INTC
SELL INTC
SELL GOOG
BUY T
BUY T
BUY T
BUY INTC
BUY QQQQ
SELL INTC
BUY AMD
SELL QQQQ
SELL T
SELL AMD
SELL T
SELL T
SELL T
BUY AMD
BUY AMD
SELL AMD
SELL AMD

141767728.92
BUY ADBE
BUY RFMD
BUY RFMD
SELL ADBE
BUY RFMD
SELL RFMD
SELL RFMD
BUY INSP
BUY INSP
BUY INSP
BUY RFMD
HOLD
HOLD
SELL RFMD
SELL INSP
BUY INSP
HOLD
BUY RFMD
SELL INSP
SELL INSP
BUY YHOO
SELL INSP
BUY AMAT
SELL YHOO
SELL RFMD
BUY ADBE
BUY CMCSK
SELL RFMD
SELL AMAT
BUY ADBE
SELL ADBE
SELL ADBE
BUY RFMD
BUY CMCSK
SELL RFMD
BUY YHOO
BUY YHOO
SELL YHOO
SELL YHOO
BUY RFMD
BUY ADBE
BUY RFMD
SELL RFMD
SELL ADBE
SELL CMCSK
BUY AMAT
BUY PCAR
BUY PCAR
SELL RFMD
SELL AMAT
BUY CMCSK
SELL PCAR
SELL PCAR
BUY ORCL
SELL CMCSK
SELL CMCSK
SELL ORCL
HOLD
BUY YHOO
BUY YHOO
BUY CMCSK
BUY CMCSK
BUY CMCSK
SELL YHOO
SELL YHOO
BUY ADBE
BUY ADBE
SELL CMCSK
SELL CMCSK
SELL ADBE
SELL ADBE
SELL CMCSK
BUY ADBE
BUY ADBE
BUY PCAR
BUY ORCL
BUY ORCL
SELL PCAR
BUY YHOO
SELL ORCL
BUY YHOO
SELL ORCL
BUY YHOO
SELL ADBE
SELL ADBE
BUY PCAR
BUY PCAR
SELL YHOO
SELL PCAR
SELL PCAR
BUY YHOO
SELL YHOO
BUY YHOO
SELL YHOO
SELL YHOO
SELL YHOO
BUY INSP
BUY INSP
SELL INSP
SELL INSP

22.50
BUY BBBBB
HOLD
SELL BBBBB
BUY BBBBB
SELL BBBBB

999990000.00
BUY QIMAB
HOLD
HOLD
HOLD
HOLD
HOLD
HOLD
HOLD
HOLD
HOLD
HOLD
HOLD
HOLD
HOLD
HOLD
HOLD
HOLD
HOLD
HOLD
HOLD
HOLD
HOLD
HOLD
HOLD
HOLD
HOLD
HOLD
HOLD
HOLD
HOLD
HOLD
HOLD
HOLD
HOLD
HOLD
HOLD
HOLD
HOLD
HOLD
HOLD
HOLD
HOLD
HOLD
HOLD
HOLD
HOLD
HOLD
HOLD
HOLD
HOLD
HOLD
HOLD
HOLD
HOLD
HOLD
HOLD
HOLD
HOLD
HOLD
HOLD
HOLD
HOLD
HOLD
HOLD
HOLD
HOLD
HOLD
HOLD
HOLD
HOLD
HOLD
HOLD
HOLD
HOLD
HOLD
HOLD
HOLD
HOLD
HOLD
HOLD
HOLD
HOLD
HOLD
HOLD
HOLD
HOLD
HOLD
HOLD
HOLD
HOLD
HOLD
HOLD
HOLD
HOLD
HOLD
HOLD
HOLD
HOLD
HOLD
SELL QIMAB

798180000.00
BUY YPF
BUY VRZ
BUY NQRDB
BUY HKZIY
HOLD
HOLD
HOLD
HOLD
HOLD
HOLD
HOLD
HOLD
HOLD
HOLD
HOLD
HOLD
HOLD
HOLD
HOLD
HOLD
HOLD
HOLD
HOLD
HOLD
HOLD
HOLD
HOLD
HOLD
HOLD
HOLD
HOLD
HOLD
HOLD
HOLD
HOLD
HOLD
HOLD
HOLD
HOLD
HOLD
HOLD
HOLD
HOLD
HOLD
HOLD
HOLD
HOLD
HOLD
HOLD
HOLD
HOLD
HOLD
HOLD
HOLD
HOLD
HOLD
HOLD
HOLD
HOLD
HOLD
HOLD
HOLD
HOLD
HOLD
HOLD
HOLD
HOLD
HOLD
HOLD
HOLD
HOLD
HOLD
HOLD
HOLD
HOLD
HOLD
HOLD
HOLD
HOLD
HOLD
HOLD
HOLD
HOLD
HOLD
HOLD
HOLD
HOLD
HOLD
HOLD
HOLD
HOLD
HOLD
HOLD
HOLD
HOLD
HOLD
SELL HKZIY
SELL NQRDB
SELL VRZ
SELL YPF

1000000000.00
BUY YUBG
BUY OQTID
BUY PED
BUY TIABK
BUY KITCC
HOLD
HOLD
HOLD
HOLD
HOLD
HOLD
HOLD
HOLD
HOLD
HOLD
HOLD
HOLD
HOLD
HOLD
HOLD
HOLD
HOLD
HOLD
HOLD
HOLD
HOLD
HOLD
HOLD
HOLD
HOLD
HOLD
HOLD
HOLD
HOLD
HOLD
HOLD
HOLD
HOLD
HOLD
HOLD
HOLD
HOLD
HOLD
HOLD
HOLD
HOLD
HOLD
HOLD
HOLD
HOLD
HOLD
HOLD
HOLD
HOLD
HOLD
HOLD
HOLD
HOLD
HOLD
HOLD
HOLD
HOLD
HOLD
HOLD
HOLD
HOLD
HOLD
HOLD
HOLD
HOLD
HOLD
HOLD
HOLD
HOLD
HOLD
HOLD
HOLD
HOLD
HOLD
HOLD
HOLD
HOLD
HOLD
HOLD
HOLD
HOLD
HOLD
HOLD
HOLD
HOLD
HOLD
HOLD
HOLD
HOLD
HOLD
SELL OQTID
SELL PED
SELL TIABK
SELL KITCC
SELL YUBG

43666.79
BUY YIG
BUY HYKE
SELL YIG
BUY JPQH
BUY VT
BUY HNXVJ
BUY YIG
BUY HNXVJ
BUY HYKE
SELL YIG
SELL HYKE
SELL HYKE
BUY TY
SELL JPQH
BUY YIG
BUY VT
BUY HYKE
BUY VT
SELL YIG
SELL HNXVJ
BUY HNXVJ
SELL VT
BUY DQQOW
SELL HYKE
BUY HYKE
SELL TY
SELL VT
BUY YMVRK
BUY HYKE
SELL DQQOW
BUY YMVRK
SELL HNXVJ
BUY TY
SELL YMVRK
BUY YIG
SELL HNXVJ
BUY DQQOW
SELL TY
SELL HYKE
SELL YIG
BUY HNXVJ
BUY YMVRK
BUY VT
SELL HNXVJ
BUY JPQH
SELL VT
BUY TY
BUY YIG
SELL VT
SELL YMVRK
SELL HYKE
SELL YMVRK
SELL TY
BUY YMVRK
SELL JPQH
BUY HYKE
BUY JPQH
BUY JPQH
SELL YMVRK
SELL HYKE
BUY HNXVJ
BUY HYKE
BUY DQQOW
SELL JPQH
SELL HNXVJ
BUY YIG
SELL DQQOW
BUY HNXVJ
BUY VT
BUY YMVRK
SELL DQQOW
BUY YMVRK
SELL HNXVJ
SELL YMVRK
BUY YIG
SELL YIG
BUY HNXVJ
SELL HYKE
BUY YIG
SELL VT
SELL HNXVJ
BUY VT
BUY HYKE
SELL VT
BUY TY
SELL YMVRK
SELL YIG
SELL TY
SELL YIG
SELL HYKE
SELL JPQH
BUY YIG
BUY TY
BUY HYKE
SELL TY
SELL YIG
SELL HYKE
BUY DQQOW
SELL DQQOW
SELL YIG

36620.68
HOLD
HOLD
HOLD
HOLD
HOLD
HOLD
HOLD
HOLD
HOLD
HOLD
HOLD
HOLD
HOLD
HOLD
HOLD
HOLD
BUY HFTOJ
SELL HFTOJ
BUY HFTOJ
BUY NJDV
BUY MTASJ
BUY OEBZV
SELL HFTOJ
BUY KQRAM
BUY EKXOU
BUY OEBZV
BUY HFTOJ
SELL NJDV
SELL OEBZV
SELL EKXOU
BUY ROVO
BUY ROVO
SELL ROVO
BUY UAAA
SELL UAAA
BUY HFTOJ
SELL OEBZV
BUY ROVO
SELL ROVO
BUY MTASJ
BUY EKXOU
BUY OEBZV
SELL OEBZV
SELL HFTOJ
BUY ROVO
SELL ROVO
BUY OEBZV
BUY NJDV
SELL ROVO
BUY NJDV
SELL EKXOU
SELL NJDV
SELL KQRAM
BUY OEBZV
SELL OEBZV
BUY ROVO
SELL MTASJ
SELL OEBZV
BUY UAAA
SELL MTASJ
BUY NJDV
SELL ROVO
BUY MTASJ
BUY MTASJ
SELL NJDV
SELL NJDV
BUY UAAA
BUY KQRAM
BUY EKXOU
SELL KQRAM
BUY OEBZV
SELL EKXOU
BUY ROVO
BUY NJDV
SELL MTASJ
BUY MTASJ
SELL ROVO
BUY OEBZV
SELL OEBZV
BUY NJDV
SELL UAAA
SELL NJDV
SELL MTASJ
SELL OEBZV
SELL UAAA
BUY UAAA
SELL UAAA
SELL NJDV
BUY EKXOU
BUY EKXOU
BUY KQRAM
SELL EKXOU
BUY ROVO
SELL EKXOU
SELL MTASJ
SELL HFTOJ
BUY HFTOJ
SELL KQRAM
SELL HFTOJ
SELL ROVO

298113.06
BUY EHCN
BUY EKXOU
BUY PA
SELL EHCN
BUY EKXOU
HOLD
SELL PA
SELL EKXOU
SELL EKXOU
HOLD
HOLD
BUY EKXOU
BUY EKXOU
BUY EHCN
BUY EKXOU
BUY EKXOU
BUY EHCN
BUY EKXOU
BUY EKXOU
HOLD
SELL EKXOU
BUY GDXR
SELL EHCN
SELL EKXOU
SELL EKXOU
SELL EHCN
SELL EKXOU
SELL EKXOU
SELL EKXOU
SELL GDXR
HOLD
BUY EHCN
BUY EHCN
BUY EKXOU
BUY EKXOU
BUY EKXOU
BUY EKXOU
BUY EKXOU
BUY EKXOU
SELL EHCN
BUY EKXOU
SELL EHCN
SELL EKXOU
SELL EKXOU
SELL EKXOU
SELL EKXOU
SELL EKXOU
SELL EKXOU
SELL EKXOU
HOLD
HOLD
BUY EKXOU
BUY EKXOU
BUY EKXOU
BUY EKXOU
BUY PA
BUY EHCN
BUY EKXOU
BUY EHCN
SELL PA
BUY EKXOU
SELL EKXOU
SELL EKXOU
SELL EHCN
SELL EHCN
SELL EKXOU
SELL EKXOU
SELL EKXOU
SELL EKXOU
HOLD
HOLD
BUY EKXOU
BUY EKXOU
BUY EKXOU
BUY EKXOU
BUY EKXOU
BUY EKXOU
BUY EHCN
BUY EHCN
SELL EHCN
BUY EKXOU
SELL EHCN
SELL EKXOU
SELL EKXOU
SELL EKXOU
SELL EKXOU
SELL EKXOU
SELL EKXOU
SELL EKXOU
HOLD
HOLD
HOLD
HOLD
HOLD
BUY EKXOU
SELL EKXOU
BUY PA
BUY EKXOU
SELL PA
SELL EKXOU
